[debug] [2026-03-05T01:22:26.533Z] ----------------------------------------------------------------------
[debug] [2026-03-05T01:22:26.536Z] Command:       C:\nvm4w\nodejs\node.exe C:\nvm4w\nodejs\node_modules\firebase-tools\lib\bin\firebase.js emulators:start
[debug] [2026-03-05T01:22:26.537Z] CLI Version:   15.7.0
[debug] [2026-03-05T01:22:26.537Z] Platform:      win32
[debug] [2026-03-05T01:22:26.537Z] Node Version:  v22.14.0
[debug] [2026-03-05T01:22:26.537Z] Time:          Thu Mar 05 2026 10:22:26 GMT+0900 (대한민국 표준시)
[debug] [2026-03-05T01:22:26.537Z] ----------------------------------------------------------------------
[debug] 
[debug] [2026-03-05T01:22:28.533Z] > command requires scopes: ["email","openid","https://www.googleapis.com/auth/cloudplatformprojects.readonly","https://www.googleapis.com/auth/firebase","https://www.googleapis.com/auth/cloud-platform"]
[debug] [2026-03-05T01:22:28.534Z] > authorizing via signed-in user (s7560k@gmail.com)
[info] i  emulators: Starting emulators: functions, hosting, extensions {"metadata":{"emulator":{"name":"hub"},"message":"Starting emulators: functions, hosting, extensions"}}
[debug] [2026-03-05T01:22:28.537Z] Checked if tokens are valid: false, expires at: 1772672308394
[debug] [2026-03-05T01:22:28.537Z] Checked if tokens are valid: false, expires at: 1772672308394
[debug] [2026-03-05T01:22:28.538Z] > refreshing access token with scopes: []
[debug] [2026-03-05T01:22:28.539Z] >>> [apiv2][query] POST https://www.googleapis.com/oauth2/v3/token [none]
[debug] [2026-03-05T01:22:28.540Z] >>> [apiv2][body] POST https://www.googleapis.com/oauth2/v3/token [omitted]
[debug] [2026-03-05T01:22:28.733Z] <<< [apiv2][status] POST https://www.googleapis.com/oauth2/v3/token 200
[debug] [2026-03-05T01:22:28.733Z] <<< [apiv2][body] POST https://www.googleapis.com/oauth2/v3/token [omitted]
[debug] [2026-03-05T01:22:28.764Z] >>> [apiv2][query] GET https://cloudresourcemanager.googleapis.com/v1/projects/namhwa-safety-dashboard [none]
[debug] [2026-03-05T01:22:29.046Z] <<< [apiv2][status] GET https://cloudresourcemanager.googleapis.com/v1/projects/namhwa-safety-dashboard 200
[debug] [2026-03-05T01:22:29.047Z] <<< [apiv2][body] GET https://cloudresourcemanager.googleapis.com/v1/projects/namhwa-safety-dashboard {"projectNumber":"152864778612","projectId":"namhwa-safety-dashboard","lifecycleState":"ACTIVE","name":"namhwa-safety-dashboard","labels":{"firebase":"enabled","firebase-core":"disabled"},"createTime":"2025-12-08T03:57:14.026921Z"}
[debug] [2026-03-05T01:22:29.078Z] [logging] Logging Emulator only supports listening on one address (127.0.0.1). Not listening on ::1
[debug] [2026-03-05T01:22:29.078Z] [hosting] Hosting Emulator only supports listening on one address (127.0.0.1). Not listening on ::1
[debug] [2026-03-05T01:22:29.078Z] assigned listening specs for emulators {"user":{"hub":[{"address":"127.0.0.1","family":"IPv4","port":4400},{"address":"::1","family":"IPv6","port":4400}],"ui":[{"address":"127.0.0.1","family":"IPv4","port":4000},{"address":"::1","family":"IPv6","port":4000}],"logging":[{"address":"127.0.0.1","family":"IPv4","port":4500}],"hosting":[{"address":"127.0.0.1","family":"IPv4","port":5000}]},"metadata":{"message":"assigned listening specs for emulators"}}
[debug] [2026-03-05T01:22:29.086Z] Write emulator hub locator at C:\Users\ELCID-~1\AppData\Local\Temp\hub-namhwa-safety-dashboard.json
[debug] [2026-03-05T01:22:29.094Z] [Extensions] Started Extensions emulator, this is a noop.
[debug] [2026-03-05T01:22:29.100Z] [functions] Functions Emulator only supports listening on one address (127.0.0.1). Not listening on ::1
[debug] [2026-03-05T01:22:29.101Z] [eventarc] Eventarc Emulator only supports listening on one address (127.0.0.1). Not listening on ::1
[debug] [2026-03-05T01:22:29.101Z] [tasks] Cloud Tasks Emulator only supports listening on one address (127.0.0.1). Not listening on ::1
[debug] [2026-03-05T01:22:29.101Z] late-assigned ports for functions and eventarc emulators {"user":{"hub":[{"address":"127.0.0.1","family":"IPv4","port":4400},{"address":"::1","family":"IPv6","port":4400}],"ui":[{"address":"127.0.0.1","family":"IPv4","port":4000},{"address":"::1","family":"IPv6","port":4000}],"logging":[{"address":"127.0.0.1","family":"IPv4","port":4500}],"hosting":[{"address":"127.0.0.1","family":"IPv4","port":5000}],"functions":[{"address":"127.0.0.1","family":"IPv4","port":5001}],"eventarc":[{"address":"127.0.0.1","family":"IPv4","port":9299}],"tasks":[{"address":"127.0.0.1","family":"IPv4","port":9499}]},"metadata":{"message":"late-assigned ports for functions and eventarc emulators"}}
[warn] !  functions: The following emulators are not running, calls to these services from the Functions emulator will affect production: apphosting, auth, firestore, database, pubsub, storage, dataconnect {"metadata":{"emulator":{"name":"functions"},"message":"The following emulators are not running, calls to these services from the Functions emulator will affect production: \u001b[1mapphosting, auth, firestore, database, pubsub, storage, dataconnect\u001b[22m"}}
[debug] [2026-03-05T01:22:29.118Z] defaultcredentials: writing to file C:\Users\elcid-office\AppData\Roaming\firebase\s7560k_gmail_com_application_default_credentials.json
[debug] [2026-03-05T01:22:29.119Z] Setting GAC to C:\Users\elcid-office\AppData\Roaming\firebase\s7560k_gmail_com_application_default_credentials.json {"metadata":{"emulator":{"name":"functions"},"message":"Setting GAC to C:\\Users\\elcid-office\\AppData\\Roaming\\firebase\\s7560k_gmail_com_application_default_credentials.json"}}
[debug] [2026-03-05T01:22:29.120Z] Checked if tokens are valid: true, expires at: 1772677347734
[debug] [2026-03-05T01:22:29.120Z] Checked if tokens are valid: true, expires at: 1772677347734
[debug] [2026-03-05T01:22:29.120Z] >>> [apiv2][query] GET https://firebase.googleapis.com/v1beta1/projects/namhwa-safety-dashboard/adminSdkConfig [none]
[debug] [2026-03-05T01:22:29.912Z] <<< [apiv2][status] GET https://firebase.googleapis.com/v1beta1/projects/namhwa-safety-dashboard/adminSdkConfig 200
[debug] [2026-03-05T01:22:29.912Z] <<< [apiv2][body] GET https://firebase.googleapis.com/v1beta1/projects/namhwa-safety-dashboard/adminSdkConfig {"projectId":"namhwa-safety-dashboard","storageBucket":"namhwa-safety-dashboard.firebasestorage.app"}
[debug] [2026-03-05T01:22:29.926Z] Checked if tokens are valid: true, expires at: 1772677347734
[debug] [2026-03-05T01:22:29.926Z] Checked if tokens are valid: true, expires at: 1772677347734
[debug] [2026-03-05T01:22:29.927Z] >>> [apiv2][query] GET https://firebasehosting.googleapis.com/v1beta1/projects/namhwa-safety-dashboard/sites 
[debug] [2026-03-05T01:22:30.953Z] <<< [apiv2][status] GET https://firebasehosting.googleapis.com/v1beta1/projects/namhwa-safety-dashboard/sites 200
[debug] [2026-03-05T01:22:30.954Z] <<< [apiv2][body] GET https://firebasehosting.googleapis.com/v1beta1/projects/namhwa-safety-dashboard/sites {"sites":[{"name":"projects/namhwa-safety-dashboard/sites/namhwa-safety-dashboard","defaultUrl":"https://namhwa-safety-dashboard.web.app","appId":"1:152864778612:web:e0f22b7ec32f754b4a2421","type":"DEFAULT_SITE"},{"name":"projects/namhwa-safety-dashboard/sites/safety-ai-editor","defaultUrl":"https://safety-ai-editor.web.app","type":"USER_SITE"}]}
[debug] [2026-03-05T01:22:30.954Z] Checked if tokens are valid: true, expires at: 1772677347734
[debug] [2026-03-05T01:22:30.954Z] Checked if tokens are valid: true, expires at: 1772677347734
[debug] [2026-03-05T01:22:30.954Z] >>> [apiv2][query] GET https://firebase.googleapis.com/v1beta1/projects/namhwa-safety-dashboard/webApps/1:152864778612:web:e0f22b7ec32f754b4a2421/config [none]
[debug] [2026-03-05T01:22:31.824Z] <<< [apiv2][status] GET https://firebase.googleapis.com/v1beta1/projects/namhwa-safety-dashboard/webApps/1:152864778612:web:e0f22b7ec32f754b4a2421/config 200
[debug] [2026-03-05T01:22:31.824Z] <<< [apiv2][body] GET https://firebase.googleapis.com/v1beta1/projects/namhwa-safety-dashboard/webApps/1:152864778612:web:e0f22b7ec32f754b4a2421/config {"projectId":"namhwa-safety-dashboard","appId":"1:152864778612:web:e0f22b7ec32f754b4a2421","storageBucket":"namhwa-safety-dashboard.firebasestorage.app","apiKey":"AIzaSyDbVG3iL3FBJe6alPLZnhFW_QAGpzeqFoY","authDomain":"namhwa-safety-dashboard.firebaseapp.com","messagingSenderId":"152864778612","projectNumber":"152864778612","version":"2"}
[debug] [2026-03-05T01:22:31.846Z] Checked if tokens are valid: true, expires at: 1772677347734
[debug] [2026-03-05T01:22:31.846Z] Checked if tokens are valid: true, expires at: 1772677347734
[debug] [2026-03-05T01:22:31.846Z] >>> [apiv2][query] GET https://firebase.googleapis.com/v1beta1/projects/namhwa-safety-dashboard [none]
[debug] [2026-03-05T01:22:32.193Z] <<< [apiv2][status] GET https://firebase.googleapis.com/v1beta1/projects/namhwa-safety-dashboard 200
[debug] [2026-03-05T01:22:32.193Z] <<< [apiv2][body] GET https://firebase.googleapis.com/v1beta1/projects/namhwa-safety-dashboard {"projectId":"namhwa-safety-dashboard","projectNumber":"152864778612","displayName":"namhwa-safety-dashboard","name":"projects/namhwa-safety-dashboard","resources":{"hostingSite":"namhwa-safety-dashboard"},"state":"ACTIVE","etag":"1_7b859e79-23c6-481f-833d-d173eddb06f9"}
[info] i  hosting[namhwa-safety-dashboard]: Serving hosting files from: frontend/dist {"metadata":{"emulator":{"name":"hosting"},"message":"Serving hosting files from: \u001b[1mfrontend/dist\u001b[22m"}}
[info] +  hosting[namhwa-safety-dashboard]: Local server: http://127.0.0.1:5000 {"metadata":{"emulator":{"name":"hosting"},"message":"Local server: \u001b[4m\u001b[1mhttp://127.0.0.1:5000\u001b[22m\u001b[24m"}}
[info] i  ui: downloading ui-v1.15.0.zip... {"metadata":{"emulator":{"name":"ui"},"message":"downloading ui-v1.15.0.zip..."}}
[debug] [2026-03-05T01:22:32.332Z] >>> [apiv2][query] GET https://storage.googleapis.com/firebase-preview-drop/emulator/ui-v1.15.0.zip 
[debug] [2026-03-05T01:22:32.399Z] <<< [apiv2][status] GET https://storage.googleapis.com/firebase-preview-drop/emulator/ui-v1.15.0.zip 200
[debug] [2026-03-05T01:22:32.399Z] <<< [apiv2][body] GET https://storage.googleapis.com/firebase-preview-drop/emulator/ui-v1.15.0.zip [stream]
[debug] [2026-03-05T01:22:32.754Z] Data is 3538469
[debug] [2026-03-05T01:22:32.754Z] [unzip] Entry: client/ (compressed_size=0 bytes, uncompressed_size=0 bytes)
[debug] [2026-03-05T01:22:32.754Z] [unzip] Processing entry: client\
[debug] [2026-03-05T01:22:32.754Z] [unzip] mkdir: C:\Users\elcid-office\.cache\firebase\emulators\ui-v1.15.0\client\
[debug] [2026-03-05T01:22:32.755Z] [unzip] Entry: client/favicon-16x16.png (compressed_size=293 bytes, uncompressed_size=293 bytes)
[debug] [2026-03-05T01:22:32.755Z] [unzip] Processing entry: client\favicon-16x16.png
[debug] [2026-03-05T01:22:32.755Z] [unzip] else mkdir: C:\Users\elcid-office\.cache\firebase\emulators\ui-v1.15.0\client
[debug] [2026-03-05T01:22:32.755Z] [unzip] Writing file: C:\Users\elcid-office\.cache\firebase\emulators\ui-v1.15.0\client\favicon-16x16.png
[debug] [2026-03-05T01:22:32.756Z] [unzip] Entry: client/safari-pinned-tab.svg (compressed_size=1433 bytes, uncompressed_size=2611 bytes)
[debug] [2026-03-05T01:22:32.756Z] [unzip] Processing entry: client\safari-pinned-tab.svg
[debug] [2026-03-05T01:22:32.756Z] [unzip] else mkdir: C:\Users\elcid-office\.cache\firebase\emulators\ui-v1.15.0\client
[debug] [2026-03-05T01:22:32.757Z] [unzip] deflating: C:\Users\elcid-office\.cache\firebase\emulators\ui-v1.15.0\client\safari-pinned-tab.svg
[debug] [2026-03-05T01:22:32.759Z] [unzip] Entry: client/favicon.ico (compressed_size=2933 bytes, uncompressed_size=13294 bytes)
[debug] [2026-03-05T01:22:32.760Z] [unzip] Processing entry: client\favicon.ico
[debug] [2026-03-05T01:22:32.760Z] [unzip] else mkdir: C:\Users\elcid-office\.cache\firebase\emulators\ui-v1.15.0\client
[debug] [2026-03-05T01:22:32.760Z] [unzip] deflating: C:\Users\elcid-office\.cache\firebase\emulators\ui-v1.15.0\client\favicon.ico
[debug] [2026-03-05T01:22:32.762Z] [unzip] Entry: client/index.html (compressed_size=1364 bytes, uncompressed_size=3071 bytes)
[debug] [2026-03-05T01:22:32.762Z] [unzip] Processing entry: client\index.html
[debug] [2026-03-05T01:22:32.762Z] [unzip] else mkdir: C:\Users\elcid-office\.cache\firebase\emulators\ui-v1.15.0\client
[debug] [2026-03-05T01:22:32.762Z] [unzip] deflating: C:\Users\elcid-office\.cache\firebase\emulators\ui-v1.15.0\client\index.html
[debug] [2026-03-05T01:22:32.764Z] [unzip] Entry: client/android-chrome-192x192.png (compressed_size=2684 bytes, uncompressed_size=2684 bytes)
[debug] [2026-03-05T01:22:32.764Z] [unzip] Processing entry: client\android-chrome-192x192.png
[debug] [2026-03-05T01:22:32.764Z] [unzip] else mkdir: C:\Users\elcid-office\.cache\firebase\emulators\ui-v1.15.0\client
[debug] [2026-03-05T01:22:32.764Z] [unzip] Writing file: C:\Users\elcid-office\.cache\firebase\emulators\ui-v1.15.0\client\android-chrome-192x192.png
[debug] [2026-03-05T01:22:32.765Z] [unzip] Entry: client/apple-touch-icon.png (compressed_size=2123 bytes, uncompressed_size=2152 bytes)
[debug] [2026-03-05T01:22:32.765Z] [unzip] Processing entry: client\apple-touch-icon.png
[debug] [2026-03-05T01:22:32.766Z] [unzip] else mkdir: C:\Users\elcid-office\.cache\firebase\emulators\ui-v1.15.0\client
[debug] [2026-03-05T01:22:32.766Z] [unzip] deflating: C:\Users\elcid-office\.cache\firebase\emulators\ui-v1.15.0\client\apple-touch-icon.png
[debug] [2026-03-05T01:22:32.767Z] [unzip] Entry: client/android-chrome-512x512.png (compressed_size=5369 bytes, uncompressed_size=5411 bytes)
[debug] [2026-03-05T01:22:32.767Z] [unzip] Processing entry: client\android-chrome-512x512.png
[debug] [2026-03-05T01:22:32.768Z] [unzip] else mkdir: C:\Users\elcid-office\.cache\firebase\emulators\ui-v1.15.0\client
[debug] [2026-03-05T01:22:32.768Z] [unzip] deflating: C:\Users\elcid-office\.cache\firebase\emulators\ui-v1.15.0\client\android-chrome-512x512.png
[debug] [2026-03-05T01:22:32.769Z] [unzip] Entry: client/manifest.json (compressed_size=245 bytes, uncompressed_size=551 bytes)
[debug] [2026-03-05T01:22:32.769Z] [unzip] Processing entry: client\manifest.json
[debug] [2026-03-05T01:22:32.769Z] [unzip] else mkdir: C:\Users\elcid-office\.cache\firebase\emulators\ui-v1.15.0\client
[debug] [2026-03-05T01:22:32.770Z] [unzip] deflating: C:\Users\elcid-office\.cache\firebase\emulators\ui-v1.15.0\client\manifest.json
[debug] [2026-03-05T01:22:32.772Z] [unzip] Entry: client/robots.txt (compressed_size=26 bytes, uncompressed_size=26 bytes)
[debug] [2026-03-05T01:22:32.772Z] [unzip] Processing entry: client\robots.txt
[debug] [2026-03-05T01:22:32.772Z] [unzip] else mkdir: C:\Users\elcid-office\.cache\firebase\emulators\ui-v1.15.0\client
[debug] [2026-03-05T01:22:32.772Z] [unzip] Writing file: C:\Users\elcid-office\.cache\firebase\emulators\ui-v1.15.0\client\robots.txt
[debug] [2026-03-05T01:22:32.773Z] [unzip] Entry: client/mstile-150x150.png (compressed_size=2034 bytes, uncompressed_size=2034 bytes)
[debug] [2026-03-05T01:22:32.774Z] [unzip] Processing entry: client\mstile-150x150.png
[debug] [2026-03-05T01:22:32.774Z] [unzip] else mkdir: C:\Users\elcid-office\.cache\firebase\emulators\ui-v1.15.0\client
[debug] [2026-03-05T01:22:32.774Z] [unzip] Writing file: C:\Users\elcid-office\.cache\firebase\emulators\ui-v1.15.0\client\mstile-150x150.png
[debug] [2026-03-05T01:22:32.775Z] [unzip] Entry: client/assets/ (compressed_size=0 bytes, uncompressed_size=0 bytes)
[debug] [2026-03-05T01:22:32.775Z] [unzip] Processing entry: client\assets\
[debug] [2026-03-05T01:22:32.775Z] [unzip] mkdir: C:\Users\elcid-office\.cache\firebase\emulators\ui-v1.15.0\client\assets\
[debug] [2026-03-05T01:22:32.776Z] [unzip] Entry: client/assets/index-BX-A56oj.js (compressed_size=582089 bytes, uncompressed_size=2092775 bytes)
[debug] [2026-03-05T01:22:32.776Z] [unzip] Processing entry: client\assets\index-BX-A56oj.js
[debug] [2026-03-05T01:22:32.776Z] [unzip] else mkdir: C:\Users\elcid-office\.cache\firebase\emulators\ui-v1.15.0\client\assets
[debug] [2026-03-05T01:22:32.776Z] [unzip] deflating: C:\Users\elcid-office\.cache\firebase\emulators\ui-v1.15.0\client\assets\index-BX-A56oj.js
[debug] [2026-03-05T01:22:32.789Z] [unzip] Entry: client/assets/index-CjB9C900.css (compressed_size=35979 bytes, uncompressed_size=298654 bytes)
[debug] [2026-03-05T01:22:32.789Z] [unzip] Processing entry: client\assets\index-CjB9C900.css
[debug] [2026-03-05T01:22:32.789Z] [unzip] else mkdir: C:\Users\elcid-office\.cache\firebase\emulators\ui-v1.15.0\client\assets
[debug] [2026-03-05T01:22:32.790Z] [unzip] deflating: C:\Users\elcid-office\.cache\firebase\emulators\ui-v1.15.0\client\assets\index-CjB9C900.css
[debug] [2026-03-05T01:22:32.792Z] [unzip] Entry: client/assets/index-BX-A56oj.js.map (compressed_size=2362482 bytes, uncompressed_size=10036679 bytes)
[debug] [2026-03-05T01:22:32.793Z] [unzip] Processing entry: client\assets\index-BX-A56oj.js.map
[debug] [2026-03-05T01:22:32.793Z] [unzip] else mkdir: C:\Users\elcid-office\.cache\firebase\emulators\ui-v1.15.0\client\assets
[debug] [2026-03-05T01:22:32.793Z] [unzip] deflating: C:\Users\elcid-office\.cache\firebase\emulators\ui-v1.15.0\client\assets\index-BX-A56oj.js.map
[debug] [2026-03-05T01:22:32.845Z] [unzip] Entry: client/assets/extensions/ (compressed_size=0 bytes, uncompressed_size=0 bytes)
[debug] [2026-03-05T01:22:32.845Z] [unzip] Processing entry: client\assets\extensions\
[debug] [2026-03-05T01:22:32.845Z] [unzip] mkdir: C:\Users\elcid-office\.cache\firebase\emulators\ui-v1.15.0\client\assets\extensions\
[debug] [2026-03-05T01:22:32.846Z] [unzip] Entry: client/assets/extensions/default-extension.png (compressed_size=1646 bytes, uncompressed_size=1657 bytes)
[debug] [2026-03-05T01:22:32.846Z] [unzip] Processing entry: client\assets\extensions\default-extension.png
[debug] [2026-03-05T01:22:32.846Z] [unzip] else mkdir: C:\Users\elcid-office\.cache\firebase\emulators\ui-v1.15.0\client\assets\extensions
[debug] [2026-03-05T01:22:32.846Z] [unzip] deflating: C:\Users\elcid-office\.cache\firebase\emulators\ui-v1.15.0\client\assets\extensions\default-extension.png
[debug] [2026-03-05T01:22:32.847Z] [unzip] Entry: client/assets/img/ (compressed_size=0 bytes, uncompressed_size=0 bytes)
[debug] [2026-03-05T01:22:32.847Z] [unzip] Processing entry: client\assets\img\
[debug] [2026-03-05T01:22:32.848Z] [unzip] mkdir: C:\Users\elcid-office\.cache\firebase\emulators\ui-v1.15.0\client\assets\img\
[debug] [2026-03-05T01:22:32.848Z] [unzip] Entry: client/assets/img/database.png (compressed_size=29449 bytes, uncompressed_size=29988 bytes)
[debug] [2026-03-05T01:22:32.848Z] [unzip] Processing entry: client\assets\img\database.png
[debug] [2026-03-05T01:22:32.848Z] [unzip] else mkdir: C:\Users\elcid-office\.cache\firebase\emulators\ui-v1.15.0\client\assets\img
[debug] [2026-03-05T01:22:32.848Z] [unzip] deflating: C:\Users\elcid-office\.cache\firebase\emulators\ui-v1.15.0\client\assets\img\database.png
[debug] [2026-03-05T01:22:32.849Z] [unzip] Entry: client/assets/provider-icons/ (compressed_size=0 bytes, uncompressed_size=0 bytes)
[debug] [2026-03-05T01:22:32.850Z] [unzip] Processing entry: client\assets\provider-icons\
[debug] [2026-03-05T01:22:32.850Z] [unzip] mkdir: C:\Users\elcid-office\.cache\firebase\emulators\ui-v1.15.0\client\assets\provider-icons\
[debug] [2026-03-05T01:22:32.850Z] [unzip] Entry: client/assets/provider-icons/auth_service_saml.svg (compressed_size=575 bytes, uncompressed_size=1226 bytes)
[debug] [2026-03-05T01:22:32.850Z] [unzip] Processing entry: client\assets\provider-icons\auth_service_saml.svg
[debug] [2026-03-05T01:22:32.850Z] [unzip] else mkdir: C:\Users\elcid-office\.cache\firebase\emulators\ui-v1.15.0\client\assets\provider-icons
[debug] [2026-03-05T01:22:32.850Z] [unzip] deflating: C:\Users\elcid-office\.cache\firebase\emulators\ui-v1.15.0\client\assets\provider-icons\auth_service_saml.svg
[debug] [2026-03-05T01:22:32.852Z] [unzip] Entry: client/assets/provider-icons/auth_service_phone.svg (compressed_size=261 bytes, uncompressed_size=414 bytes)
[debug] [2026-03-05T01:22:32.852Z] [unzip] Processing entry: client\assets\provider-icons\auth_service_phone.svg
[debug] [2026-03-05T01:22:32.852Z] [unzip] else mkdir: C:\Users\elcid-office\.cache\firebase\emulators\ui-v1.15.0\client\assets\provider-icons
[debug] [2026-03-05T01:22:32.852Z] [unzip] deflating: C:\Users\elcid-office\.cache\firebase\emulators\ui-v1.15.0\client\assets\provider-icons\auth_service_phone.svg
[debug] [2026-03-05T01:22:32.853Z] [unzip] Entry: client/assets/provider-icons/auth_service_facebook.svg (compressed_size=289 bytes, uncompressed_size=457 bytes)
[debug] [2026-03-05T01:22:32.853Z] [unzip] Processing entry: client\assets\provider-icons\auth_service_facebook.svg
[debug] [2026-03-05T01:22:32.853Z] [unzip] else mkdir: C:\Users\elcid-office\.cache\firebase\emulators\ui-v1.15.0\client\assets\provider-icons
[debug] [2026-03-05T01:22:32.854Z] [unzip] deflating: C:\Users\elcid-office\.cache\firebase\emulators\ui-v1.15.0\client\assets\provider-icons\auth_service_facebook.svg
[debug] [2026-03-05T01:22:32.856Z] [unzip] Entry: client/assets/provider-icons/auth_service_game_center.svg (compressed_size=991 bytes, uncompressed_size=3921 bytes)
[debug] [2026-03-05T01:22:32.856Z] [unzip] Processing entry: client\assets\provider-icons\auth_service_game_center.svg
[debug] [2026-03-05T01:22:32.856Z] [unzip] else mkdir: C:\Users\elcid-office\.cache\firebase\emulators\ui-v1.15.0\client\assets\provider-icons
[debug] [2026-03-05T01:22:32.856Z] [unzip] deflating: C:\Users\elcid-office\.cache\firebase\emulators\ui-v1.15.0\client\assets\provider-icons\auth_service_game_center.svg
[debug] [2026-03-05T01:22:32.858Z] [unzip] Entry: client/assets/provider-icons/auth_service_apple.svg (compressed_size=230 bytes, uncompressed_size=334 bytes)
[debug] [2026-03-05T01:22:32.858Z] [unzip] Processing entry: client\assets\provider-icons\auth_service_apple.svg
[debug] [2026-03-05T01:22:32.858Z] [unzip] else mkdir: C:\Users\elcid-office\.cache\firebase\emulators\ui-v1.15.0\client\assets\provider-icons
[debug] [2026-03-05T01:22:32.858Z] [unzip] deflating: C:\Users\elcid-office\.cache\firebase\emulators\ui-v1.15.0\client\assets\provider-icons\auth_service_apple.svg
[debug] [2026-03-05T01:22:32.860Z] [unzip] Entry: client/assets/provider-icons/auth_service_github.svg (compressed_size=466 bytes, uncompressed_size=838 bytes)
[debug] [2026-03-05T01:22:32.860Z] [unzip] Processing entry: client\assets\provider-icons\auth_service_github.svg
[debug] [2026-03-05T01:22:32.860Z] [unzip] else mkdir: C:\Users\elcid-office\.cache\firebase\emulators\ui-v1.15.0\client\assets\provider-icons
[debug] [2026-03-05T01:22:32.860Z] [unzip] deflating: C:\Users\elcid-office\.cache\firebase\emulators\ui-v1.15.0\client\assets\provider-icons\auth_service_github.svg
[debug] [2026-03-05T01:22:32.862Z] [unzip] Entry: client/assets/provider-icons/auth_service_mslive.svg (compressed_size=203 bytes, uncompressed_size=378 bytes)
[debug] [2026-03-05T01:22:32.862Z] [unzip] Processing entry: client\assets\provider-icons\auth_service_mslive.svg
[debug] [2026-03-05T01:22:32.862Z] [unzip] else mkdir: C:\Users\elcid-office\.cache\firebase\emulators\ui-v1.15.0\client\assets\provider-icons
[debug] [2026-03-05T01:22:32.862Z] [unzip] deflating: C:\Users\elcid-office\.cache\firebase\emulators\ui-v1.15.0\client\assets\provider-icons\auth_service_mslive.svg
[debug] [2026-03-05T01:22:32.864Z] [unzip] Entry: client/assets/provider-icons/auth_service_yahoo.svg (compressed_size=577 bytes, uncompressed_size=1182 bytes)
[debug] [2026-03-05T01:22:32.864Z] [unzip] Processing entry: client\assets\provider-icons\auth_service_yahoo.svg
[debug] [2026-03-05T01:22:32.864Z] [unzip] else mkdir: C:\Users\elcid-office\.cache\firebase\emulators\ui-v1.15.0\client\assets\provider-icons
[debug] [2026-03-05T01:22:32.864Z] [unzip] deflating: C:\Users\elcid-office\.cache\firebase\emulators\ui-v1.15.0\client\assets\provider-icons\auth_service_yahoo.svg
[debug] [2026-03-05T01:22:32.866Z] [unzip] Entry: client/assets/provider-icons/auth_service_twitter.svg (compressed_size=444 bytes, uncompressed_size=751 bytes)
[debug] [2026-03-05T01:22:32.866Z] [unzip] Processing entry: client\assets\provider-icons\auth_service_twitter.svg
[debug] [2026-03-05T01:22:32.866Z] [unzip] else mkdir: C:\Users\elcid-office\.cache\firebase\emulators\ui-v1.15.0\client\assets\provider-icons
[debug] [2026-03-05T01:22:32.866Z] [unzip] deflating: C:\Users\elcid-office\.cache\firebase\emulators\ui-v1.15.0\client\assets\provider-icons\auth_service_twitter.svg
[debug] [2026-03-05T01:22:32.867Z] [unzip] Entry: client/assets/provider-icons/auth_service_play_games.svg (compressed_size=565 bytes, uncompressed_size=1173 bytes)
[debug] [2026-03-05T01:22:32.868Z] [unzip] Processing entry: client\assets\provider-icons\auth_service_play_games.svg
[debug] [2026-03-05T01:22:32.868Z] [unzip] else mkdir: C:\Users\elcid-office\.cache\firebase\emulators\ui-v1.15.0\client\assets\provider-icons
[debug] [2026-03-05T01:22:32.868Z] [unzip] deflating: C:\Users\elcid-office\.cache\firebase\emulators\ui-v1.15.0\client\assets\provider-icons\auth_service_play_games.svg
[debug] [2026-03-05T01:22:32.870Z] [unzip] Entry: client/assets/provider-icons/auth_service_email.svg (compressed_size=228 bytes, uncompressed_size=326 bytes)
[debug] [2026-03-05T01:22:32.870Z] [unzip] Processing entry: client\assets\provider-icons\auth_service_email.svg
[debug] [2026-03-05T01:22:32.870Z] [unzip] else mkdir: C:\Users\elcid-office\.cache\firebase\emulators\ui-v1.15.0\client\assets\provider-icons
[debug] [2026-03-05T01:22:32.870Z] [unzip] deflating: C:\Users\elcid-office\.cache\firebase\emulators\ui-v1.15.0\client\assets\provider-icons\auth_service_email.svg
[debug] [2026-03-05T01:22:32.872Z] [unzip] Entry: client/assets/provider-icons/auth_service_google.svg (compressed_size=409 bytes, uncompressed_size=720 bytes)
[debug] [2026-03-05T01:22:32.872Z] [unzip] Processing entry: client\assets\provider-icons\auth_service_google.svg
[debug] [2026-03-05T01:22:32.872Z] [unzip] else mkdir: C:\Users\elcid-office\.cache\firebase\emulators\ui-v1.15.0\client\assets\provider-icons
[debug] [2026-03-05T01:22:32.872Z] [unzip] deflating: C:\Users\elcid-office\.cache\firebase\emulators\ui-v1.15.0\client\assets\provider-icons\auth_service_google.svg
[debug] [2026-03-05T01:22:32.874Z] [unzip] Entry: client/assets/provider-icons/auth_service_oidc.svg (compressed_size=414 bytes, uncompressed_size=858 bytes)
[debug] [2026-03-05T01:22:32.874Z] [unzip] Processing entry: client\assets\provider-icons\auth_service_oidc.svg
[debug] [2026-03-05T01:22:32.874Z] [unzip] else mkdir: C:\Users\elcid-office\.cache\firebase\emulators\ui-v1.15.0\client\assets\provider-icons
[debug] [2026-03-05T01:22:32.874Z] [unzip] deflating: C:\Users\elcid-office\.cache\firebase\emulators\ui-v1.15.0\client\assets\provider-icons\auth_service_oidc.svg
[debug] [2026-03-05T01:22:32.876Z] [unzip] Entry: client/browserconfig.xml (compressed_size=491 bytes, uncompressed_size=822 bytes)
[debug] [2026-03-05T01:22:32.876Z] [unzip] Processing entry: client\browserconfig.xml
[debug] [2026-03-05T01:22:32.876Z] [unzip] else mkdir: C:\Users\elcid-office\.cache\firebase\emulators\ui-v1.15.0\client
[debug] [2026-03-05T01:22:32.876Z] [unzip] deflating: C:\Users\elcid-office\.cache\firebase\emulators\ui-v1.15.0\client\browserconfig.xml
[debug] [2026-03-05T01:22:32.877Z] [unzip] Entry: client/favicon-32x32.png (compressed_size=475 bytes, uncompressed_size=475 bytes)
[debug] [2026-03-05T01:22:32.878Z] [unzip] Processing entry: client\favicon-32x32.png
[debug] [2026-03-05T01:22:32.878Z] [unzip] else mkdir: C:\Users\elcid-office\.cache\firebase\emulators\ui-v1.15.0\client
[debug] [2026-03-05T01:22:32.878Z] [unzip] Writing file: C:\Users\elcid-office\.cache\firebase\emulators\ui-v1.15.0\client\favicon-32x32.png
[debug] [2026-03-05T01:22:32.879Z] [unzip] Entry: server/ (compressed_size=0 bytes, uncompressed_size=0 bytes)
[debug] [2026-03-05T01:22:32.879Z] [unzip] Processing entry: server\
[debug] [2026-03-05T01:22:32.879Z] [unzip] mkdir: C:\Users\elcid-office\.cache\firebase\emulators\ui-v1.15.0\server\
[debug] [2026-03-05T01:22:32.880Z] [unzip] Entry: server/server.mjs.map (compressed_size=217845 bytes, uncompressed_size=944978 bytes)
[debug] [2026-03-05T01:22:32.880Z] [unzip] Processing entry: server\server.mjs.map
[debug] [2026-03-05T01:22:32.880Z] [unzip] else mkdir: C:\Users\elcid-office\.cache\firebase\emulators\ui-v1.15.0\server
[debug] [2026-03-05T01:22:32.880Z] [unzip] deflating: C:\Users\elcid-office\.cache\firebase\emulators\ui-v1.15.0\server\server.mjs.map
[debug] [2026-03-05T01:22:32.886Z] [unzip] Entry: server/server.mjs (compressed_size=276407 bytes, uncompressed_size=933701 bytes)
[debug] [2026-03-05T01:22:32.886Z] [unzip] Processing entry: server\server.mjs
[debug] [2026-03-05T01:22:32.886Z] [unzip] else mkdir: C:\Users\elcid-office\.cache\firebase\emulators\ui-v1.15.0\server
[debug] [2026-03-05T01:22:32.887Z] [unzip] deflating: C:\Users\elcid-office\.cache\firebase\emulators\ui-v1.15.0\server\server.mjs
[debug] [2026-03-05T01:22:32.895Z] [Extensions] Connecting Extensions emulator, this is a noop.
[info] i  functions: Watching "D:\Antigravity\my project\functions" for Cloud Functions... {"metadata":{"emulator":{"name":"functions"},"message":"Watching \"D:\\Antigravity\\my project\\functions\" for Cloud Functions..."}}
[debug] [2026-03-05T01:22:32.898Z] Customer code is not Node
[debug] [2026-03-05T01:22:32.899Z] Validating python source
[debug] [2026-03-05T01:22:32.899Z] Building python source
[info] i  functions: Loaded environment variables from .env. 
[debug] [2026-03-05T01:22:32.907Z] Could not find functions.yaml. Must use http discovery
[debug] [2026-03-05T01:22:32.914Z] Running command with virtualenv: command="D:\Antigravity\my project\functions\venv\Scripts\activate.bat", args=["","&&","python.exe","-c","\"import firebase_functions; import os; print(os.path.dirname(firebase_functions.__file__))\""]
[debug] [2026-03-05T01:22:33.216Z] stdout: D:\Antigravity\my project\functions\venv\Lib\site-packages\firebase_functions

[debug] [2026-03-05T01:22:33.224Z] Running admin server with args: ["python.exe","\"D:\\Antigravity\\my project\\functions\\venv\\Lib\\site-packages\\firebase_functions\\private\\serving.py\""] and env: {"GCLOUD_PROJECT":"namhwa-safety-dashboard","K_REVISION":"1","PORT":"80","GOOGLE_CLOUD_QUOTA_PROJECT":"namhwa-safety-dashboard","FUNCTIONS_EMULATOR":"true","TZ":"UTC","FIREBASE_DEBUG_MODE":"true","FIREBASE_DEBUG_FEATURES":"{\"skipTokenVerification\":true,\"enableCors\":true}","FIREBASE_EMULATOR_HUB":"127.0.0.1:4400","CLOUD_EVENTARC_EMULATOR_HOST":"http://127.0.0.1:9299","CLOUD_TASKS_EMULATOR_HOST":"127.0.0.1:9499","FIREBASE_CONFIG":"{\"storageBucket\":\"namhwa-safety-dashboard.firebasestorage.app\",\"projectId\":\"namhwa-safety-dashboard\"}","GOOGLE_APPLICATION_CREDENTIALS":"C:\\Users\\elcid-office\\AppData\\Roaming\\firebase\\s7560k_gmail_com_application_default_credentials.json","ADMIN_PORT":"8081"} in D:\Antigravity\my project\functions
[debug] [2026-03-05T01:22:33.225Z] Running command with virtualenv: command="D:\Antigravity\my project\functions\venv\Scripts\activate.bat", args=["","&&","python.exe","\"D:\\Antigravity\\my project\\functions\\venv\\Lib\\site-packages\\firebase_functions\\private\\serving.py\""]
